// Jest Snapshot v1, https://goo.gl/fbAQLP

exports[`BezierCurve calculate point calculateCoefficient 1`] = `
Object {
  "a": Object {
    "x": 140,
    "y": 100,
  },
  "b": Object {
    "x": -360,
    "y": -360,
  },
  "c": Object {
    "x": 420,
    "y": 360,
  },
}
`;

exports[`BezierCurve calculate point calculatePoint 1`] = `
Array [
  Object {
    "x": 0,
    "y": 0,
  },
  Object {
    "x": 38.54,
    "y": 32.5,
  },
  Object {
    "x": 70.72,
    "y": 58.4,
  },
  Object {
    "x": 97.38000000000001,
    "y": 78.30000000000001,
  },
  Object {
    "x": 119.35999999999999,
    "y": 92.79999999999998,
  },
  Object {
    "x": 137.5,
    "y": 102.5,
  },
  Object {
    "x": 152.64000000000001,
    "y": 108.00000000000001,
  },
  Object {
    "x": 165.61999999999998,
    "y": 109.9,
  },
  Object {
    "x": 177.27999999999997,
    "y": 108.79999999999998,
  },
  Object {
    "x": 188.45999999999998,
    "y": 105.29999999999998,
  },
  Object {
    "x": 200,
    "y": 100,
  },
]
`;

exports[`BezierCurve calculate point calculatePoint 2`] = `"M0 0L38.54 32.5L70.72 58.4L97.38000000000001 78.30000000000001L119.35999999999999 92.79999999999998L137.5 102.5L152.64000000000001 108.00000000000001L165.61999999999998 109.9L177.27999999999997 108.79999999999998L188.45999999999998 105.29999999999998L200 100"`;
