// Jest Snapshot v1, https://goo.gl/fbAQLP

exports[`parser parseSVGElement 1`] = `
Svg {
  "background": undefined,
  "height": 200,
  "paths": Array [
    Path {
      "attrs": Object {
        "fill": "#f00",
        "stroke": "#00f",
        "strokeWidth": "4",
      },
      "commands": Array [
        Move {
          "points": Array [
            Point {
              "_x": 1,
              "_y": 1,
            },
          ],
          "type": "M",
        },
        Line {
          "points": Array [
            Point {
              "_x": 2,
              "_y": 2,
            },
          ],
          "type": "L",
        },
        Curve {
          "points": Array [
            Point {
              "_x": 3,
              "_y": 3,
            },
            Point {
              "_x": 5,
              "_y": 3,
            },
            Point {
              "_x": 7,
              "_y": 3,
            },
          ],
          "type": "C",
        },
        Close {
          "type": "z",
        },
      ],
    },
  ],
  "width": 200,
}
`;

exports[`parser parseSVGString 1`] = `
Svg {
  "background": undefined,
  "height": 200,
  "paths": Array [
    Path {
      "attrs": Object {
        "fill": "#f00",
        "stroke": "#00f",
        "strokeWidth": "4",
      },
      "commands": Array [
        Move {
          "points": Array [
            Point {
              "_x": 1,
              "_y": 1,
            },
          ],
          "type": "M",
        },
        Line {
          "points": Array [
            Point {
              "_x": 2,
              "_y": 2,
            },
          ],
          "type": "L",
        },
        Curve {
          "points": Array [
            Point {
              "_x": 3,
              "_y": 3,
            },
            Point {
              "_x": 5,
              "_y": 3,
            },
            Point {
              "_x": 7,
              "_y": 3,
            },
          ],
          "type": "C",
        },
        Close {
          "type": "z",
        },
      ],
    },
  ],
  "width": 200,
}
`;
