// Jest Snapshot v1, https://goo.gl/fbAQLP

exports[`renderer.ts svgObjectToElement 1`] = `
<svg
  height="500"
  version="1.1"
  width="500"
  xmlns="http://www.w3.org/2000/svg"
  xmlns:xlink="http://www.w3.org/1999/xlink"
>
  <path
    d="M0 0 C0.2 0.2 0.6 0.8 1 1 C1.4 1.2 1.6 1.2 2 1 C2.4 0.8 2.8 0.2 3 0"
  />
  <path
    d="M4 4 L9 4 L9 8 L3 0 z"
    stroke-linecap="square"
    stroke-linejoin="mitter"
  />
</svg>
`;
