// Jest Snapshot v1, https://goo.gl/fbAQLP

exports[`SvgAnimation.ts SvgAnimation init 1`] = `
SvgAnimation {
  "animation": Animation {
    "_frame": null,
    "ms": 60,
    "paths": Array [],
  },
  "resize": [Function],
  "svg": Svg {
    "background": undefined,
    "height": 0,
    "paths": Array [
      Path {
        "attrs": Object {
          "fill": "#f00",
          "stroke": "#00f",
          "strokeLinecap": "round",
          "strokeWidth": "4",
        },
        "commands": Array [
          Move {
            "points": Array [
              Point {
                "_x": 1,
                "_y": 1,
              },
            ],
            "type": "M",
          },
          Line {
            "points": Array [
              Point {
                "_x": 2,
                "_y": 2,
              },
            ],
            "type": "L",
          },
          Curve {
            "points": Array [
              Point {
                "_x": 3,
                "_y": 3,
              },
              Point {
                "_x": 5,
                "_y": 3,
              },
              Point {
                "_x": 7,
                "_y": 3,
              },
            ],
            "type": "C",
          },
          Close {
            "type": "z",
          },
        ],
        "key": "p1",
      },
      Path {
        "attrs": Object {
          "fill": "#ff0",
          "stroke": "#f0f",
          "strokeLinecap": "butt",
          "strokeWidth": "2",
        },
        "commands": Array [
          Move {
            "points": Array [
              Point {
                "_x": 2,
                "_y": 2,
              },
            ],
            "type": "M",
          },
          Line {
            "points": Array [
              Point {
                "_x": 4,
                "_y": 4,
              },
            ],
            "type": "L",
          },
          Curve {
            "points": Array [
              Point {
                "_x": 6,
                "_y": 6,
              },
              Point {
                "_x": 10,
                "_y": 6,
              },
              Point {
                "_x": 14,
                "_y": 6,
              },
            ],
            "type": "C",
          },
          Close {
            "type": "z",
          },
        ],
        "key": "p2",
      },
    ],
    "width": 0,
  },
  "update": [Function],
}
`;

exports[`SvgAnimation.ts SvgAnimation toElement 1`] = `
<svg
  height="0"
  version="1.1"
  width="0"
  xmlns="http://www.w3.org/2000/svg"
  xmlns:xlink="http://www.w3.org/1999/xlink"
>
  <path
    d="M1 1 L2 2 C3 3 5 3 7 3 z"
    fill="#f00"
    stroke="#00f"
    stroke-linecap="round"
    stroke-width="4"
  />
  <path
    d="M2 2 L4 4 C6 6 10 6 14 6 z"
    fill="#ff0"
    stroke="#f0f"
    stroke-linecap="butt"
    stroke-width="2"
  />
</svg>
`;
