// Jest Snapshot v1, https://goo.gl/fbAQLP

exports[`Path commands parameter and getCommandString Normal 1`] = `
Array [
  Move {
    "points": Array [
      Point {
        "_x": 0,
        "_y": 0,
      },
    ],
    "type": "M",
  },
  Line {
    "points": Array [
      Point {
        "_x": 1,
        "_y": 1,
      },
    ],
    "type": "L",
  },
  Line {
    "points": Array [
      Point {
        "_x": -1,
        "_y": -1,
      },
    ],
    "type": "L",
  },
]
`;

exports[`Path commands parameter and getCommandString Normal 2`] = `"M0 0 L1 1 L-1 -1"`;

exports[`Path toJson and toElement toElement 1`] = `
<path
  d="M0 0 L1 1 L2 1 L3 0"
/>
`;

exports[`Path toJson and toElement toJson 1`] = `
Object {
  "attributes": Object {
    "d": "M0 0 L1 1 L2 1 L3 0",
  },
  "type": "path",
}
`;
