// Jest Snapshot v1, https://goo.gl/fbAQLP

exports[`Svg toJson 1`] = `
Object {
  "background": undefined,
  "height": 500,
  "paths": Array [
    Object {
      "attributes": Object {
        "d": "M0 0 C0.2 0.2 0.6 0.8 1 1 C1.4 1.2 1.6 1.2 2 1 C2.4 0.8 2.8 0.2 3 0",
      },
      "key": "p1",
      "type": "path",
    },
    Object {
      "attributes": Object {
        "d": "M4 4 L9 4 L9 8 L3 0 z",
        "strokeLinecap": "square",
        "strokeLinejoin": "mitter",
      },
      "key": "p2",
      "type": "path",
    },
  ],
  "width": 500,
}
`;
