// Jest Snapshot v1, https://goo.gl/fbAQLP

exports[`Animation new Animation() 1`] = `
Animation {
  "_anim": null,
  "_repeatCount": "indefinite",
  "ms": 60,
  "origin": Svg {
    "background": undefined,
    "height": 200,
    "paths": Array [
      Path {
        "attrs": Object {
          "fill": "#f00",
          "id": "t0",
          "stroke": "#00f",
          "strokeLinecap": "round",
          "strokeWidth": "4",
        },
        "commands": Array [
          Move {
            "points": Array [
              Point {
                "_x": 1,
                "_y": 1,
              },
            ],
            "type": "M",
          },
          Line {
            "points": Array [
              Point {
                "_x": 2,
                "_y": 2,
              },
            ],
            "type": "L",
          },
          Curve {
            "points": Array [
              Point {
                "_x": 3,
                "_y": 3,
              },
              Point {
                "_x": 5,
                "_y": 3,
              },
              Point {
                "_x": 7,
                "_y": 3,
              },
            ],
            "type": "C",
          },
          Close {
            "type": "z",
          },
        ],
      },
      Path {
        "attrs": Object {
          "fill": "#ff0",
          "id": "t1",
          "stroke": "#f0f",
          "strokeLinecap": "butt",
          "strokeWidth": "2",
        },
        "commands": Array [
          Move {
            "points": Array [
              Point {
                "_x": 2,
                "_y": 2,
              },
            ],
            "type": "M",
          },
          Line {
            "points": Array [
              Point {
                "_x": 4,
                "_y": 4,
              },
            ],
            "type": "L",
          },
          Curve {
            "points": Array [
              Point {
                "_x": 6,
                "_y": 6,
              },
              Point {
                "_x": 10,
                "_y": 6,
              },
              Point {
                "_x": 14,
                "_y": 6,
              },
            ],
            "type": "C",
          },
          Close {
            "type": "z",
          },
        ],
      },
    ],
    "width": 200,
  },
}
`;

exports[`Animation toElement 1`] = `
<svg
  height="200"
  version="1.1"
  width="200"
  xmlns="http://www.w3.org/2000/svg"
  xmlns:xlink="http://www.w3.org/1999/xlink"
>
  <path
    d="M1 1 L2 2 C3 3 5 3 7 3 z"
    fill="#f00"
    id="t0"
    stroke="#00f"
    stroke-linecap="round"
    stroke-width="4"
  >
    <animate
      attributeName="d"
      dur="480ms"
      keyTimes="0;0.125;0.25;0.375;0.5;0.625;0.75;0.875;1"
      repeatCount="indefinite"
      values="M1 1;M1 1;M1 1 L2 2;M1 1 L2 2 C3 3 5 3 7 3;M1 1 L2 2 C3 3 5 3 7 3 z;M1 1 L2 2 C3 3 5 3 7 3 z;M1 1 L2 2 C3 3 5 3 7 3 z;M1 1 L2 2 C3 3 5 3 7 3 z;M1 1 L2 2 C3 3 5 3 7 3 z"
    />
    <animate
      attributeName="stroke"
      dur="480ms"
      keyTimes="0;0.125;0.25;0.375;0.5;0.625;0.75;0.875;1"
      repeatCount="indefinite"
      values="#0ff;#00f;#0ff;#00f;#0ff;#00f;#0ff;#00f;#00f"
    />
  </path>
  <path
    d="M2 2 L4 4 C6 6 10 6 14 6 z"
    fill="#ff0"
    id="t1"
    stroke="#f0f"
    stroke-linecap="butt"
    stroke-width="2"
  >
    <animate
      attributeName="d"
      dur="480ms"
      keyTimes="0;0.125;0.25;0.375;0.5;0.625;0.75;0.875;1"
      repeatCount="indefinite"
      values="M2 2;M2 2;M2 2;M2 2;M2 2;M2 2;M2 2 L4 4;M2 2 L4 4 C6 6 10 6 14 6;M2 2 L4 4 C6 6 10 6 14 6 z"
    />
    <animate
      attributeName="stroke"
      dur="480ms"
      keyTimes="0;0.125;0.25;0.375;0.5;0.625;0.75;0.875;1"
      repeatCount="indefinite"
      values="#f0f;#f0f;#f0f;#f0f;#0ff;#f0f;#0ff;#f0f;#f0f"
    />
  </path>
</svg>
`;
